Release 14.4 - xst P.49d (nt64)
Copyright (c) 1995-2012 Xilinx, Inc.  All rights reserved.
--> Parameter TMPDIR set to xst/projnav.tmp


Total REAL time to Xst completion: 0.00 secs
Total CPU time to Xst completion: 0.07 secs
 
--> Parameter xsthdpdir set to xst


Total REAL time to Xst completion: 0.00 secs
Total CPU time to Xst completion: 0.07 secs
 
--> Reading design: Datapath.prj

TABLE OF CONTENTS
  1) Synthesis Options Summary
  2) HDL Parsing
  3) HDL Elaboration
  4) HDL Synthesis
       4.1) HDL Synthesis Report
  5) Advanced HDL Synthesis
       5.1) Advanced HDL Synthesis Report
  6) Low Level Synthesis
  7) Partition Report
  8) Design Summary
       8.1) Primitive and Black Box Usage
       8.2) Device utilization summary
       8.3) Partition Resource Summary
       8.4) Timing Report
            8.4.1) Clock Information
            8.4.2) Asynchronous Control Signals Information
            8.4.3) Timing Summary
            8.4.4) Timing Details
            8.4.5) Cross Clock Domains Report


=========================================================================
*                      Synthesis Options Summary                        *
=========================================================================
---- Source Parameters
Input File Name                    : "Datapath.prj"
Ignore Synthesis Constraint File   : NO

---- Target Parameters
Output File Name                   : "Datapath"
Output Format                      : NGC
Target Device                      : xc7a100t-3-csg324

---- Source Options
Top Module Name                    : Datapath
Automatic FSM Extraction           : YES
FSM Encoding Algorithm             : Auto
Safe Implementation                : No
FSM Style                          : LUT
RAM Extraction                     : Yes
RAM Style                          : Auto
ROM Extraction                     : Yes
Shift Register Extraction          : YES
ROM Style                          : Auto
Resource Sharing                   : YES
Asynchronous To Synchronous        : NO
Shift Register Minimum Size        : 2
Use DSP Block                      : Auto
Automatic Register Balancing       : No

---- Target Options
LUT Combining                      : Auto
Reduce Control Sets                : Auto
Add IO Buffers                     : YES
Global Maximum Fanout              : 100000
Add Generic Clock Buffer(BUFG)     : 32
Register Duplication               : YES
Optimize Instantiated Primitives   : NO
Use Clock Enable                   : Auto
Use Synchronous Set                : Auto
Use Synchronous Reset              : Auto
Pack IO Registers into IOBs        : Auto
Equivalent register Removal        : YES

---- General Options
Optimization Goal                  : Speed
Optimization Effort                : 1
Power Reduction                    : NO
Keep Hierarchy                     : No
Netlist Hierarchy                  : As_Optimized
RTL Output                         : Yes
Global Optimization                : AllClockNets
Read Cores                         : YES
Write Timing Constraints           : NO
Cross Clock Analysis               : NO
Hierarchy Separator                : /
Bus Delimiter                      : <>
Case Specifier                     : Maintain
Slice Utilization Ratio            : 100
BRAM Utilization Ratio             : 100
DSP48 Utilization Ratio            : 100
Auto BRAM Packing                  : NO
Slice Utilization Ratio Delta      : 5

=========================================================================


=========================================================================
*                          HDL Parsing                                  *
=========================================================================
Analyzing Verilog file "C:\Users\gonzalje\Desktop\if_df_buff.v" into library work
Parsing module <if_df_buffer>.
Analyzing Verilog file "C:\Users\gonzalje\Desktop\CPE142\pc.v" into library work
Parsing module <pc>.
Analyzing Verilog file "C:\Users\gonzalje\Desktop\CPE142\muxA.v" into library work
Parsing module <muxA>.
Analyzing Verilog file "C:\Users\gonzalje\Desktop\CPE142\instructionMEM.v" into library work
Parsing module <instructionMEM>.
Analyzing Verilog file "C:\Users\gonzalje\Desktop\CPE142\adder.v" into library work
Parsing module <adder>.
Analyzing Verilog file "C:\Users\gonzalje\Desktop\CPE142\Datapath.v" into library work
Parsing module <Datapath>.

=========================================================================
*                            HDL Elaboration                            *
=========================================================================

Elaborating module <Datapath>.

Elaborating module <pc>.
WARNING:HDLCompiler:189 - "C:\Users\gonzalje\Desktop\CPE142\Datapath.v" Line 32: Size mismatch in connection of port <rst>. Formal port size is 1-bit while actual signal size is 32-bit.
WARNING:HDLCompiler:189 - "C:\Users\gonzalje\Desktop\CPE142\Datapath.v" Line 33: Size mismatch in connection of port <enable>. Formal port size is 1-bit while actual signal size is 32-bit.
WARNING:HDLCompiler:189 - "C:\Users\gonzalje\Desktop\CPE142\Datapath.v" Line 34: Size mismatch in connection of port <in>. Formal port size is 16-bit while actual signal size is 8-bit.
WARNING:HDLCompiler:189 - "C:\Users\gonzalje\Desktop\CPE142\Datapath.v" Line 35: Size mismatch in connection of port <address>. Formal port size is 16-bit while actual signal size is 8-bit.

Elaborating module <adder>.
WARNING:HDLCompiler:413 - "C:\Users\gonzalje\Desktop\CPE142\adder.v" Line 33: Result of 16-bit expression is truncated to fit in 2-bit target.
WARNING:HDLCompiler:1127 - "C:\Users\gonzalje\Desktop\CPE142\adder.v" Line 33: Assignment to result ignored, since the identifier is never used
WARNING:HDLCompiler:189 - "C:\Users\gonzalje\Desktop\CPE142\Datapath.v" Line 40: Size mismatch in connection of port <cin>. Formal port size is 1-bit while actual signal size is 32-bit.
WARNING:HDLCompiler:189 - "C:\Users\gonzalje\Desktop\CPE142\Datapath.v" Line 41: Size mismatch in connection of port <a>. Formal port size is 16-bit while actual signal size is 8-bit.
WARNING:HDLCompiler:189 - "C:\Users\gonzalje\Desktop\CPE142\Datapath.v" Line 42: Size mismatch in connection of port <b>. Formal port size is 16-bit while actual signal size is 32-bit.
WARNING:HDLCompiler:1127 - "C:\Users\gonzalje\Desktop\CPE142\Datapath.v" Line 43: Assignment to cout ignored, since the identifier is never used
WARNING:HDLCompiler:189 - "C:\Users\gonzalje\Desktop\CPE142\Datapath.v" Line 44: Size mismatch in connection of port <r>. Formal port size is 16-bit while actual signal size is 8-bit.

Elaborating module <instructionMEM>.
WARNING:HDLCompiler:634 - "C:\Users\gonzalje\Desktop\CPE142\instructionMEM.v" Line 29: Net <memory[56][15]> does not have a driver.
WARNING:HDLCompiler:189 - "C:\Users\gonzalje\Desktop\CPE142\Datapath.v" Line 53: Size mismatch in connection of port <instruction>. Formal port size is 16-bit while actual signal size is 1-bit.
WARNING:HDLCompiler:1127 - "C:\Users\gonzalje\Desktop\CPE142\Datapath.v" Line 53: Assignment to instruction ignored, since the identifier is never used

Elaborating module <muxA>.
WARNING:HDLCompiler:189 - "C:\Users\gonzalje\Desktop\CPE142\Datapath.v" Line 58: Size mismatch in connection of port <a>. Formal port size is 16-bit while actual signal size is 8-bit.
WARNING:HDLCompiler:189 - "C:\Users\gonzalje\Desktop\CPE142\Datapath.v" Line 59: Size mismatch in connection of port <b>. Formal port size is 16-bit while actual signal size is 32-bit.
WARNING:HDLCompiler:189 - "C:\Users\gonzalje\Desktop\CPE142\Datapath.v" Line 60: Size mismatch in connection of port <c>. Formal port size is 16-bit while actual signal size is 8-bit.
WARNING:HDLCompiler:189 - "C:\Users\gonzalje\Desktop\CPE142\Datapath.v" Line 61: Size mismatch in connection of port <select>. Formal port size is 1-bit while actual signal size is 32-bit.

Elaborating module <if_df_buffer>.
WARNING:HDLCompiler:91 - "C:\Users\gonzalje\Desktop\if_df_buff.v" Line 43: Signal <flush> missing in the sensitivity list is added for synthesis purposes. HDL and post-synthesis simulations may differ as a result.
WARNING:HDLCompiler:91 - "C:\Users\gonzalje\Desktop\if_df_buff.v" Line 59: Signal <buffer> missing in the sensitivity list is added for synthesis purposes. HDL and post-synthesis simulations may differ as a result.
WARNING:HDLCompiler:91 - "C:\Users\gonzalje\Desktop\if_df_buff.v" Line 60: Signal <buffer> missing in the sensitivity list is added for synthesis purposes. HDL and post-synthesis simulations may differ as a result.
WARNING:HDLCompiler:91 - "C:\Users\gonzalje\Desktop\if_df_buff.v" Line 65: Signal <pc_buff_in> missing in the sensitivity list is added for synthesis purposes. HDL and post-synthesis simulations may differ as a result.
WARNING:HDLCompiler:91 - "C:\Users\gonzalje\Desktop\if_df_buff.v" Line 66: Signal <inst_buff_in> missing in the sensitivity list is added for synthesis purposes. HDL and post-synthesis simulations may differ as a result.
WARNING:HDLCompiler:189 - "C:\Users\gonzalje\Desktop\CPE142\Datapath.v" Line 70: Size mismatch in connection of port <flush>. Formal port size is 1-bit while actual signal size is 32-bit.
WARNING:HDLCompiler:189 - "C:\Users\gonzalje\Desktop\CPE142\Datapath.v" Line 71: Size mismatch in connection of port <pc_buff_in>. Formal port size is 16-bit while actual signal size is 8-bit.
WARNING:HDLCompiler:189 - "C:\Users\gonzalje\Desktop\CPE142\Datapath.v" Line 73: Size mismatch in connection of port <nop_in>. Formal port size is 1-bit while actual signal size is 32-bit.
WARNING:HDLCompiler:1127 - "C:\Users\gonzalje\Desktop\CPE142\Datapath.v" Line 74: Assignment to pc_buffer_out ignored, since the identifier is never used
WARNING:HDLCompiler:1127 - "C:\Users\gonzalje\Desktop\CPE142\Datapath.v" Line 75: Assignment to bufferOutInstruction ignored, since the identifier is never used
WARNING:HDLCompiler:634 - "C:\Users\gonzalje\Desktop\CPE142\Datapath.v" Line 26: Net <inst_to_buff[15]> does not have a driver.
WARNING:Xst:2972 - "C:\Users\gonzalje\Desktop\CPE142\Datapath.v" line 30. All outputs of instance <pc> of block <pc> are unconnected in block <Datapath>. Underlying logic will be removed.
WARNING:Xst:2972 - "C:\Users\gonzalje\Desktop\CPE142\Datapath.v" line 39. All outputs of instance <pc_adder> of block <adder> are unconnected in block <Datapath>. Underlying logic will be removed.
WARNING:Xst:2972 - "C:\Users\gonzalje\Desktop\CPE142\Datapath.v" line 49. All outputs of instance <instructionMemory> of block <instructionMEM> are unconnected in block <Datapath>. Underlying logic will be removed.
WARNING:Xst:2972 - "C:\Users\gonzalje\Desktop\CPE142\Datapath.v" line 57. All outputs of instance <uut> of block <muxA> are unconnected in block <Datapath>. Underlying logic will be removed.
WARNING:Xst:2972 - "C:\Users\gonzalje\Desktop\CPE142\Datapath.v" line 67. All outputs of instance <bufferA> of block <if_df_buffer> are unconnected in block <Datapath>. Underlying logic will be removed.

=========================================================================
*                           HDL Synthesis                               *
=========================================================================

Synthesizing Unit <Datapath>.
    Related source file is "C:\Users\gonzalje\Desktop\CPE142\Datapath.v".
WARNING:Xst:647 - Input <flush> is never used. This port will be preserved and left unconnected if it belongs to a top-level block or it belongs to a sub-block and the hierarchy of this sub-block is preserved.
INFO:Xst:3210 - "C:\Users\gonzalje\Desktop\CPE142\Datapath.v" line 39: Output port <cout> of the instance <pc_adder> is unconnected or connected to loadless signal.
INFO:Xst:3210 - "C:\Users\gonzalje\Desktop\CPE142\Datapath.v" line 49: Output port <instruction> of the instance <instructionMemory> is unconnected or connected to loadless signal.
INFO:Xst:3210 - "C:\Users\gonzalje\Desktop\CPE142\Datapath.v" line 67: Output port <pc_buff_out> of the instance <bufferA> is unconnected or connected to loadless signal.
INFO:Xst:3210 - "C:\Users\gonzalje\Desktop\CPE142\Datapath.v" line 67: Output port <inst_buff_out> of the instance <bufferA> is unconnected or connected to loadless signal.
WARNING:Xst:653 - Signal <inst_to_buff> is used but never assigned. This sourceless signal will be automatically connected to value GND.
    Summary:
	no macro.
Unit <Datapath> synthesized.

=========================================================================
HDL Synthesis Report

Found no macro
=========================================================================

=========================================================================
*                       Advanced HDL Synthesis                          *
=========================================================================


=========================================================================
Advanced HDL Synthesis Report

Found no macro
=========================================================================

=========================================================================
*                         Low Level Synthesis                           *
=========================================================================

Optimizing unit <Datapath> ...

Mapping all equations...
Building and optimizing final netlist ...
Found area constraint ratio of 100 (+ 5) on block Datapath, actual ratio is 0.

Final Macro Processing ...

=========================================================================
Final Register Report

Found no macro
=========================================================================

=========================================================================
*                           Partition Report                            *
=========================================================================

Partition Implementation Status
-------------------------------

  No Partitions were found in this design.

-------------------------------

=========================================================================
*                            Design Summary                             *
=========================================================================

Top Level Output File Name         : Datapath.ngc

Primitive and Black Box Usage:
------------------------------

Device utilization summary:
---------------------------

Selected Device : 7a100tcsg324-3 


Slice Logic Utilization: 

Slice Logic Distribution: 
 Number of LUT Flip Flop pairs used:      0
   Number with an unused Flip Flop:       0  out of      0         
   Number with an unused LUT:             0  out of      0         
   Number of fully used LUT-FF pairs:     0  out of      0         
   Number of unique control sets:         0

IO Utilization: 
 Number of IOs:                          35
 Number of bonded IOBs:                   0  out of    210     0%  

Specific Feature Utilization:

---------------------------
Partition Resource Summary:
---------------------------

  No Partitions were found in this design.

---------------------------


=========================================================================
Timing Report

NOTE: THESE TIMING NUMBERS ARE ONLY A SYNTHESIS ESTIMATE.
      FOR ACCURATE TIMING INFORMATION PLEASE REFER TO THE TRACE REPORT
      GENERATED AFTER PLACE-and-ROUTE.

Clock Information:
------------------
No clock signals found in this design

Asynchronous Control Signals Information:
----------------------------------------
No asynchronous control signals found in this design

Timing Summary:
---------------
Speed Grade: -3

   Minimum period: No path found
   Minimum input arrival time before clock: No path found
   Maximum output required time after clock: No path found
   Maximum combinational path delay: No path found

Timing Details:
---------------
All values displayed in nanoseconds (ns)

=========================================================================

Cross Clock Domains Report:
--------------------------

=========================================================================


Total REAL time to Xst completion: 9.00 secs
Total CPU time to Xst completion: 9.05 secs
 
--> 

Total memory usage is 424268 kilobytes

Number of errors   :    0 (   0 filtered)
Number of warnings :   36 (   0 filtered)
Number of infos    :    4 (   0 filtered)

