MO if_df_buffer NULL if_df_buff.v vlg1D/if__df__buffer.bin 1448988979
MO exception_handle_unit NULL exception_handle_unit.v vlg15/exception__handle__unit.bin 1449205397
MO sign_extend NULL sign_extend.v vlg68/sign__extend.bin 1448988896
MO ex_mem_buff NULL ex_mem_buff.v vlg75/ex__mem__buff.bin 1448989031
